# Layla GitHub Actions evidence: 01-preflight-tools
# Title: Preflight: toolchain versions
# Started: 2026-06-12T20:34:01-06:00
# Workdir: C:/Users/snake/Desktop/Layla
# Command: bash -c 
set +e
echo "dotnet:"; dotnet --version
echo "node:"; node --version
echo "corepack:"; corepack --version
echo "docker:"; docker --version
echo "docker compose:"; docker compose version

dotnet:
10.0.109
node:
v24.13.0
corepack:
0.34.5
docker:
Docker version 29.2.0, build 0b9d198
docker compose:
Docker Compose version v5.0.2

# Finished: 2026-06-12T20:34:02-06:00
# ExitCode: 0
